Map(
    [
        (
            "schema",
            Number(
                1,
            ),
        ),
        (
            "window",
            Map(
                [
                    (
                        "name",
                        Absent,
                    ),
                    (
                        "since",
                        Text(
                            "2026-09-19T00:00:100-04:00",
                        ),
                    ),
                    (
                        "until",
                        Text(
                            "2026-09-19T00:00:200-04:00",
                        ),
                    ),
                    (
                        "previous",
                        Flag(
                            false,
                        ),
                    ),
                ],
            ),
        ),
        (
            "sections",
            Map(
                [
                    (
                        "agents",
                        List(
                            [
                                Map(
                                    [
                                        (
                                            "project",
                                            Text(
                                                "",
                                            ),
                                        ),
                                        (
                                            "sessions",
                                            List(
                                                [
                                                    Map(
                                                        [
                                                            (
                                                                "title",
                                                                Text(
                                                                    "finished",
                                                                ),
                                                            ),
                                                            (
                                                                "harness",
                                                                Text(
                                                                    "agent",
                                                                ),
                                                            ),
                                                            (
                                                                "branch",
                                                                Text(
                                                                    "",
                                                                ),
                                                            ),
                                                            (
                                                                "session",
                                                                Text(
                                                                    "one",
                                                                ),
                                                            ),
                                                            (
                                                                "pane",
                                                                Text(
                                                                    "",
                                                                ),
                                                            ),
                                                            (
                                                                "workspace",
                                                                Text(
                                                                    "",
                                                                ),
                                                            ),
                                                            (
                                                                "model",
                                                                Text(
                                                                    "",
                                                                ),
                                                            ),
                                                            (
                                                                "duration_secs",
                                                                Number(
                                                                    0,
                                                                ),
                                                            ),
                                                            (
                                                                "last_state",
                                                                Text(
                                                                    "done",
                                                                ),
                                                            ),
                                                            (
                                                                "events",
                                                                List(
                                                                    [
                                                                        Map(
                                                                            [
                                                                                (
                                                                                    "at",
                                                                                    Text(
                                                                                        "2026-09-19T00:00:150-04:00",
                                                                                    ),
                                                                                ),
                                                                                (
                                                                                    "state",
                                                                                    Text(
                                                                                        "done",
                                                                                    ),
                                                                                ),
                                                                                (
                                                                                    "title",
                                                                                    Text(
                                                                                        "",
                                                                                    ),
                                                                                ),
                                                                                (
                                                                                    "detail",
                                                                                    Text(
                                                                                        "finished",
                                                                                    ),
                                                                                ),
                                                                            ],
                                                                        ),
                                                                    ],
                                                                ),
                                                            ),
                                                        ],
                                                    ),
                                                ],
                                            ),
                                        ),
                                    ],
                                ),
                            ],
                        ),
                    ),
                    (
                        "pull_requests",
                        Map(
                            [
                                (
                                    "state",
                                    Text(
                                        "read",
                                    ),
                                ),
                                (
                                    "exit_code",
                                    Absent,
                                ),
                                (
                                    "more",
                                    Number(
                                        0,
                                    ),
                                ),
                                (
                                    "at_least",
                                    Flag(
                                        false,
                                    ),
                                ),
                                (
                                    "rows",
                                    List(
                                        [
                                            Text(
                                                "#42 merge title",
                                            ),
                                        ],
                                    ),
                                ),
                            ],
                        ),
                    ),
                    (
                        "commits",
                        Map(
                            [
                                (
                                    "state",
                                    Text(
                                        "unconfigured",
                                    ),
                                ),
                                (
                                    "exit_code",
                                    Absent,
                                ),
                                (
                                    "more",
                                    Number(
                                        0,
                                    ),
                                ),
                                (
                                    "at_least",
                                    Flag(
                                        false,
                                    ),
                                ),
                                (
                                    "rows",
                                    List(
                                        [],
                                    ),
                                ),
                            ],
                        ),
                    ),
                    (
                        "tasks",
                        Map(
                            [
                                (
                                    "state",
                                    Text(
                                        "unconfigured",
                                    ),
                                ),
                                (
                                    "exit_code",
                                    Absent,
                                ),
                                (
                                    "more",
                                    Number(
                                        0,
                                    ),
                                ),
                                (
                                    "at_least",
                                    Flag(
                                        false,
                                    ),
                                ),
                                (
                                    "rows",
                                    List(
                                        [],
                                    ),
                                ),
                            ],
                        ),
                    ),
                    (
                        "applies",
                        Map(
                            [
                                (
                                    "state",
                                    Text(
                                        "unconfigured",
                                    ),
                                ),
                                (
                                    "exit_code",
                                    Absent,
                                ),
                                (
                                    "more",
                                    Number(
                                        0,
                                    ),
                                ),
                                (
                                    "at_least",
                                    Flag(
                                        false,
                                    ),
                                ),
                                (
                                    "rows",
                                    List(
                                        [],
                                    ),
                                ),
                            ],
                        ),
                    ),
                    (
                        "review_notes",
                        Map(
                            [
                                (
                                    "state",
                                    Text(
                                        "read",
                                    ),
                                ),
                                (
                                    "exit_code",
                                    Absent,
                                ),
                                (
                                    "more",
                                    Number(
                                        0,
                                    ),
                                ),
                                (
                                    "at_least",
                                    Flag(
                                        true,
                                    ),
                                ),
                                (
                                    "rows",
                                    List(
                                        [
                                            Text(
                                                "finding.md",
                                            ),
                                        ],
                                    ),
                                ),
                            ],
                        ),
                    ),
                    (
                        "summary",
                        Map(
                            [
                                (
                                    "text",
                                    Text(
                                        "the claude summarizer could not be started",
                                    ),
                                ),
                                (
                                    "written_at",
                                    Text(
                                        "2026-09-19T06:00:00-04:00",
                                    ),
                                ),
                                (
                                    "source",
                                    Text(
                                        "claude",
                                    ),
                                ),
                                (
                                    "failed",
                                    Flag(
                                        true,
                                    ),
                                ),
                            ],
                        ),
                    ),
                    (
                        "open",
                        Map(
                            [
                                (
                                    "sessions",
                                    List(
                                        [],
                                    ),
                                ),
                                (
                                    "pull_requests",
                                    List(
                                        [
                                            Text(
                                                "#42 merge title",
                                            ),
                                        ],
                                    ),
                                ),
                                (
                                    "applies",
                                    List(
                                        [],
                                    ),
                                ),
                                (
                                    "dead_lettered",
                                    Number(
                                        0,
                                    ),
                                ),
                            ],
                        ),
                    ),
                ],
            ),
        ),
    ],
)
